// Jest Snapshot v1, https://goo.gl/fbAQLP

exports[`Pruebas de <GifItem /> Debe hacer match con el snapshot 1`] = `
<div>
  <div
    class="card"
  >
    <h5>
      Saitama
    </h5>
    <img
      alt="Saitama"
      src="https://one-punch.com/saitama.jpg"
    />
  </div>
</div>
`;
